src/screens/buyer/AddressListScreen.tsx(18,29): error TS2345: Argument of type '[never, never]' is not assignable to parameter of type 'never'.
src/screens/buyer/BuyerCartScreen.tsx(73,13): error TS2783: 'pickupPin' is specified more than once, so this usage will be overwritten.
src/screens/buyer/BuyerOrderDetailScreen.tsx(71,82): error TS2345: Argument of type '[never, never]' is not assignable to parameter of type 'never'.
src/screens/buyer/BuyerOrderDetailScreen.tsx(243,25): error TS2739: Type '{ lat: number; lng: number; }' is missing the following properties from type 'PinLocation': latitude, longitude
src/screens/buyer/BuyerOrderDetailScreen.tsx(244,25): error TS2322: Type '(location: { lat: number; lng: number; }, note: string) => Promise<void>' is not assignable to type '(location: PinLocation) => void'.
  Target signature provides too few arguments. Expected 2 or more, but got 1.
src/screens/HomeScreen.tsx(52,45): error TS2345: Argument of type '[string, never]' is not assignable to parameter of type 'never'.
src/screens/HomeScreen.tsx(58,45): error TS2345: Argument of type '[string, never]' is not assignable to parameter of type 'never'.
src/screens/HomeScreen.tsx(75,37): error TS2345: Argument of type '[never, never]' is not assignable to parameter of type 'never'.
src/screens/MarketScreen.tsx(33,41): error TS2551: Property 'categoryId' does not exist on type 'Product'. Did you mean 'category'?
src/screens/MarketScreen.tsx(42,24): error TS2339: Property 'merchantName' does not exist on type 'Product'.
src/screens/MarketScreen.tsx(42,42): error TS2339: Property 'merchantName' does not exist on type 'Product'.
src/screens/MarketScreen.tsx(53,35): error TS2339: Property 'merchantName' does not exist on type 'Product'.
src/screens/MarketScreen.tsx(62,25): error TS2345: Argument of type '[never, never]' is not assignable to parameter of type 'never'.
src/screens/merchant/MerchantOrderDetailScreen.tsx(209,21): error TS2739: Type '{ lat: number; lng: number; }' is missing the following properties from type 'PinLocation': latitude, longitude
src/screens/merchant/MerchantOrderDetailScreen.tsx(210,21): error TS2322: Type '(location: { lat: number; lng: number; }, note: string) => Promise<void>' is not assignable to type '(location: PinLocation) => void'.
  Target signature provides too few arguments. Expected 2 or more, but got 1.
src/screens/rider/RiderOrderDetailScreen.tsx(8,21): error TS2459: Module '"../../store/orders"' declares 'OrderStatus' locally, but it is not exported.
src/screens/rider/RiderOrderDetailScreen.tsx(12,58): error TS2307: Cannot find module '../../utils/status' or its corresponding type declarations.
src/utils/merchantStatus.ts(35,42): error TS2339: Property 'merchantStatus' does not exist on type 'MerchantProfile'.
